###############################################################################
#
# IAR ELF Linker V8.32.3.193/W32 for ARM                  09/Jul/2019  23:45:21
# Copyright 2007-2019 IAR Systems AB.
#
#    Output file  =  
#        F:\università\III_anno\laboratorio_di_elettronica\micro\progetto_individuale\mirco\EWARM\mirco\Exe\mirco.out
#    Map file     =  
#        F:\università\III_anno\laboratorio_di_elettronica\micro\progetto_individuale\mirco\EWARM\mirco\List\mirco.map
#    Command line =  
#        -f C:\Users\DOMENI~1\AppData\Local\Temp\EW42BE.tmp
#        (F:\università\III_anno\laboratorio_di_elettronica\micro\progetto_individuale\mirco\EWARM\mirco\Obj\main.o
#        F:\università\III_anno\laboratorio_di_elettronica\micro\progetto_individuale\mirco\EWARM\mirco\Obj\startup_stm32f401xe.o
#        F:\università\III_anno\laboratorio_di_elettronica\micro\progetto_individuale\mirco\EWARM\mirco\Obj\stm32f4xx_hal.o
#        F:\università\III_anno\laboratorio_di_elettronica\micro\progetto_individuale\mirco\EWARM\mirco\Obj\stm32f4xx_hal_adc.o
#        F:\università\III_anno\laboratorio_di_elettronica\micro\progetto_individuale\mirco\EWARM\mirco\Obj\stm32f4xx_hal_adc_ex.o
#        F:\università\III_anno\laboratorio_di_elettronica\micro\progetto_individuale\mirco\EWARM\mirco\Obj\stm32f4xx_hal_cortex.o
#        F:\università\III_anno\laboratorio_di_elettronica\micro\progetto_individuale\mirco\EWARM\mirco\Obj\stm32f4xx_hal_dma.o
#        F:\università\III_anno\laboratorio_di_elettronica\micro\progetto_individuale\mirco\EWARM\mirco\Obj\stm32f4xx_hal_dma_ex.o
#        F:\università\III_anno\laboratorio_di_elettronica\micro\progetto_individuale\mirco\EWARM\mirco\Obj\stm32f4xx_hal_exti.o
#        F:\università\III_anno\laboratorio_di_elettronica\micro\progetto_individuale\mirco\EWARM\mirco\Obj\stm32f4xx_hal_flash.o
#        F:\università\III_anno\laboratorio_di_elettronica\micro\progetto_individuale\mirco\EWARM\mirco\Obj\stm32f4xx_hal_flash_ex.o
#        F:\università\III_anno\laboratorio_di_elettronica\micro\progetto_individuale\mirco\EWARM\mirco\Obj\stm32f4xx_hal_flash_ramfunc.o
#        F:\università\III_anno\laboratorio_di_elettronica\micro\progetto_individuale\mirco\EWARM\mirco\Obj\stm32f4xx_hal_gpio.o
#        F:\università\III_anno\laboratorio_di_elettronica\micro\progetto_individuale\mirco\EWARM\mirco\Obj\stm32f4xx_hal_msp.o
#        F:\università\III_anno\laboratorio_di_elettronica\micro\progetto_individuale\mirco\EWARM\mirco\Obj\stm32f4xx_hal_pwr.o
#        F:\università\III_anno\laboratorio_di_elettronica\micro\progetto_individuale\mirco\EWARM\mirco\Obj\stm32f4xx_hal_pwr_ex.o
#        F:\università\III_anno\laboratorio_di_elettronica\micro\progetto_individuale\mirco\EWARM\mirco\Obj\stm32f4xx_hal_rcc.o
#        F:\università\III_anno\laboratorio_di_elettronica\micro\progetto_individuale\mirco\EWARM\mirco\Obj\stm32f4xx_hal_rcc_ex.o
#        F:\università\III_anno\laboratorio_di_elettronica\micro\progetto_individuale\mirco\EWARM\mirco\Obj\stm32f4xx_hal_tim.o
#        F:\università\III_anno\laboratorio_di_elettronica\micro\progetto_individuale\mirco\EWARM\mirco\Obj\stm32f4xx_hal_tim_ex.o
#        F:\università\III_anno\laboratorio_di_elettronica\micro\progetto_individuale\mirco\EWARM\mirco\Obj\stm32f4xx_it.o
#        F:\università\III_anno\laboratorio_di_elettronica\micro\progetto_individuale\mirco\EWARM\mirco\Obj\system_stm32f4xx.o
#        --redirect _Printf=_PrintfFull --redirect _Scanf=_ScanfFull
#        --no_out_extension -o
#        F:\università\III_anno\laboratorio_di_elettronica\micro\progetto_individuale\mirco\EWARM\mirco\Exe\mirco.out
#        --map
#        F:\università\III_anno\laboratorio_di_elettronica\micro\progetto_individuale\mirco\EWARM\mirco\List\mirco.map
#        --config
#        F:\università\III_anno\laboratorio_di_elettronica\micro\progetto_individuale\mirco\EWARM/stm32f401xe_flash.icf
#        --semihosting --entry __iar_program_start --vfe --text_out locale)
#
###############################################################################

*******************************************************************************
*** RUNTIME MODEL ATTRIBUTES
***

CppFlavor       = *
__SystemLibrary = DLib
__dlib_version  = 6


*******************************************************************************
*** HEAP SELECTION
***

The basic heap was selected because some modules are built with
size limitations (and not runtime checking), and --advanced_heap
was not specified.


*******************************************************************************
*** PLACEMENT SUMMARY
***

"A0":  place at 0x800'0000 { ro section .intvec };
"P1":  place in [from 0x800'0000 to 0x807'ffff] { ro };
define block CSTACK with size = 1K, alignment = 8 { };
define block HEAP with size = 512, alignment = 8 { };
"P2":  place in [from 0x2000'0000 to 0x2001'7fff] {
          rw, block CSTACK, block HEAP };
initialize by copy { rw };

  Section            Kind         Address    Size  Object
  -------            ----         -------    ----  ------
"A0":                                       0x194
  .intvec            ro code   0x800'0000   0x194  startup_stm32f401xe.o [1]
                             - 0x800'0194   0x194

"P1":                                      0x185c
  .text              ro code   0x800'0194   0x46c  stm32f4xx_hal_adc.o [1]
  .text              ro code   0x800'0600   0x10c  stm32f4xx_hal_msp.o [1]
  .text              ro code   0x800'070c     0xc  stm32f4xx_hal.o [1]
  .text              ro code   0x800'0718    0xc4  stm32f4xx_hal_cortex.o [1]
  .text              ro code   0x800'07dc     0x6  ABImemclr4.o [4]
  .text              ro code   0x800'07e2    0x3a  zero_init3.o [4]
  .text              ro code   0x800'081c   0x1bc  stm32f4xx_hal_gpio.o [1]
  .text              ro code   0x800'09d8    0x32  ABImemset48.o [4]
  .text              ro code   0x800'0a0c   0x394  stm32f4xx_hal_tim.o [1]
  .text              ro code   0x800'0da0     0x2  stm32f4xx_hal_tim.o [1]
  .text              ro code   0x800'0da2     0x2  stm32f4xx_hal_tim.o [1]
  .text              ro code   0x800'0da4     0x2  stm32f4xx_hal_tim.o [1]
  .text              ro code   0x800'0da6     0x2  stm32f4xx_hal_tim_ex.o [1]
  .text              ro code   0x800'0da8     0x2  stm32f4xx_hal_tim.o [1]
  .text              ro code   0x800'0daa     0x2  stm32f4xx_hal_tim_ex.o [1]
  .text              ro code   0x800'0dac     0x2  stm32f4xx_hal_tim.o [1]
  .text              ro code   0x800'0db0   0x33c  main.o [1]
  .text              ro code   0x800'10ec    0x34  stm32f4xx_hal.o [1]
  .text              ro code   0x800'1120    0x3e  stm32f4xx_hal_tim_ex.o [1]
  .text              ro code   0x800'1160    0x28  stm32f4xx_hal.o [1]
  .text              ro code   0x800'1188   0x2f8  stm32f4xx_hal_rcc.o [1]
  .text              ro code   0x800'1480   0x17c  stm32f4xx_hal_rcc.o [1]
  .text              ro code   0x800'15fc    0x40  stm32f4xx_hal.o [1]
  .text              ro code   0x800'163c   0x106  I64DivMod_small.o [4]
  .text              ro code   0x800'1744     0x2  I64DivZer.o [4]
  .text              ro code   0x800'1748    0x60  system_stm32f4xx.o [1]
  .text              ro code   0x800'17a8    0x50  stm32f4xx_it.o [1]
  .text              ro code   0x800'17f8    0x10  stm32f4xx_hal.o [1]
  .text              ro code   0x800'1808    0x2c  copy_init3.o [4]
  .text              ro code   0x800'1834    0x28  data_init.o [4]
  .text              ro code   0x800'185c    0x22  fpinit_M.o [3]
  .iar.init_table    const     0x800'1880    0x24  - Linker created -
  .text              ro code   0x800'18a4    0x1e  cmain.o [4]
  .text              ro code   0x800'18c2     0x4  low_level_init.o [2]
  .text              ro code   0x800'18c6     0x4  exit.o [2]
  .text              ro code   0x800'18cc     0xa  cexit.o [4]
  .text              ro code   0x800'18d8    0x14  exit.o [5]
  .text              ro code   0x800'18ec    0x10  startup_stm32f401xe.o [1]
  Initializer bytes  const     0x800'18fc    0x10  <for P2-1>
  .text              ro code   0x800'190c     0xc  cstartup_M.o [4]
  .text              ro code   0x800'1918     0x4  startup_stm32f401xe.o [1]
  .text              ro code   0x800'191c     0x4  startup_stm32f401xe.o [1]
  .text              ro code   0x800'1920     0x4  startup_stm32f401xe.o [1]
  .text              ro code   0x800'1924     0x4  startup_stm32f401xe.o [1]
  .text              ro code   0x800'1928     0x4  startup_stm32f401xe.o [1]
  .text              ro code   0x800'192c     0x4  startup_stm32f401xe.o [1]
  .text              ro code   0x800'1930     0x4  startup_stm32f401xe.o [1]
  .text              ro code   0x800'1934     0x4  startup_stm32f401xe.o [1]
  .text              ro code   0x800'1938     0x4  startup_stm32f401xe.o [1]
  .text              ro code   0x800'193c     0x4  startup_stm32f401xe.o [1]
  .text              ro code   0x800'1940     0x4  startup_stm32f401xe.o [1]
  .text              ro code   0x800'1944     0x4  startup_stm32f401xe.o [1]
  .text              ro code   0x800'1948     0x4  startup_stm32f401xe.o [1]
  .text              ro code   0x800'194c     0x4  startup_stm32f401xe.o [1]
  .text              ro code   0x800'1950     0x4  startup_stm32f401xe.o [1]
  .text              ro code   0x800'1954     0x4  startup_stm32f401xe.o [1]
  .text              ro code   0x800'1958     0x4  startup_stm32f401xe.o [1]
  .text              ro code   0x800'195c     0x4  startup_stm32f401xe.o [1]
  .text              ro code   0x800'1960     0x4  startup_stm32f401xe.o [1]
  .text              ro code   0x800'1964     0x4  startup_stm32f401xe.o [1]
  .text              ro code   0x800'1968     0x4  startup_stm32f401xe.o [1]
  .text              ro code   0x800'196c     0x4  startup_stm32f401xe.o [1]
  .text              ro code   0x800'1970     0x4  startup_stm32f401xe.o [1]
  .text              ro code   0x800'1974     0x4  startup_stm32f401xe.o [1]
  .text              ro code   0x800'1978     0x4  startup_stm32f401xe.o [1]
  .text              ro code   0x800'197c     0x4  startup_stm32f401xe.o [1]
  .text              ro code   0x800'1980     0x4  startup_stm32f401xe.o [1]
  .text              ro code   0x800'1984     0x4  startup_stm32f401xe.o [1]
  .text              ro code   0x800'1988     0x4  startup_stm32f401xe.o [1]
  .text              ro code   0x800'198c     0x4  startup_stm32f401xe.o [1]
  .text              ro code   0x800'1990     0x4  startup_stm32f401xe.o [1]
  .text              ro code   0x800'1994     0x4  startup_stm32f401xe.o [1]
  .text              ro code   0x800'1998     0x4  startup_stm32f401xe.o [1]
  .text              ro code   0x800'199c     0x4  startup_stm32f401xe.o [1]
  .text              ro code   0x800'19a0     0x4  startup_stm32f401xe.o [1]
  .text              ro code   0x800'19a4     0x4  startup_stm32f401xe.o [1]
  .text              ro code   0x800'19a8     0x4  startup_stm32f401xe.o [1]
  .text              ro code   0x800'19ac     0x4  startup_stm32f401xe.o [1]
  .text              ro code   0x800'19b0     0x4  startup_stm32f401xe.o [1]
  .text              ro code   0x800'19b4     0x4  startup_stm32f401xe.o [1]
  .text              ro code   0x800'19b8     0x4  startup_stm32f401xe.o [1]
  .text              ro code   0x800'19bc     0x4  startup_stm32f401xe.o [1]
  .text              ro code   0x800'19c0     0x4  startup_stm32f401xe.o [1]
  .text              ro code   0x800'19c4     0x4  startup_stm32f401xe.o [1]
  .text              ro code   0x800'19c8     0x4  startup_stm32f401xe.o [1]
  .text              ro code   0x800'19cc     0x4  startup_stm32f401xe.o [1]
  .text              ro code   0x800'19d0     0x4  startup_stm32f401xe.o [1]
  .text              ro code   0x800'19d4     0x4  startup_stm32f401xe.o [1]
  .text              ro code   0x800'19d8     0x4  startup_stm32f401xe.o [1]
  .text              ro code   0x800'19dc     0x4  startup_stm32f401xe.o [1]
  .text              ro code   0x800'19e0     0x4  startup_stm32f401xe.o [1]
  .text              ro code   0x800'19e4     0x4  startup_stm32f401xe.o [1]
  .text              ro code   0x800'19e8     0x4  startup_stm32f401xe.o [1]
  .text              ro code   0x800'19ec     0x4  startup_stm32f401xe.o [1]
  .rodata            const     0x800'19f0     0x0  zero_init3.o [4]
  .rodata            const     0x800'19f0     0x0  copy_init3.o [4]
                             - 0x800'19f0  0x185c

"P2", part 1 of 3:                           0x10
  P2-1                        0x2000'0000    0x10  <Init block>
    .data            inited   0x2000'0000     0xc  stm32f4xx_hal.o [1]
    .data            inited   0x2000'000c     0x4  system_stm32f4xx.o [1]
                            - 0x2000'0010    0x10

"P2", part 2 of 3:                           0xd4
  .bss               zero     0x2000'0010    0xd4  main.o [1]
                            - 0x2000'00e4    0xd4

"P2", part 3 of 3:                          0x400
  CSTACK                      0x2000'00e8   0x400  <Block>
    CSTACK           uninit   0x2000'00e8   0x400  <Block tail>
                            - 0x2000'04e8   0x400

Unused ranges:

         From           To      Size
         ----           --      ----
   0x800'19f0   0x807'ffff  0x7'e610
  0x2000'00e4  0x2000'00e7       0x4
  0x2000'04e8  0x2001'7fff  0x1'7b18


*******************************************************************************
*** INIT TABLE
***

          Address      Size
          -------      ----
Zero (__iar_zero_init3)
    1 destination range, total size 0xd4:
          0x2000'0010  0xd4

Copy (__iar_copy_init3)
    1 source range, total size 0x10:
           0x800'18fc  0x10
    1 destination range, total size 0x10:
          0x2000'0000  0x10



*******************************************************************************
*** MODULE SUMMARY
***

    Module                  ro code  ro data  rw data
    ------                  -------  -------  -------
command line/config:
    -------------------------------------------------
    Total:

F:\università\III_anno\laboratorio_di_elettronica\micro\progetto_individuale\mirco\EWARM\mirco\Obj: [1]
    main.o                      828               212
    startup_stm32f401xe.o       636
    stm32f4xx_hal.o             184       12       12
    stm32f4xx_hal_adc.o       1 132
    stm32f4xx_hal_cortex.o      196
    stm32f4xx_hal_gpio.o        444
    stm32f4xx_hal_msp.o         268
    stm32f4xx_hal_rcc.o       1 140
    stm32f4xx_hal_tim.o         926
    stm32f4xx_hal_tim_ex.o       66
    stm32f4xx_it.o               80
    system_stm32f4xx.o           96        4        4
    -------------------------------------------------
    Total:                    5 996       16      228

dl7M_tln.a: [2]
    exit.o                        4
    low_level_init.o              4
    -------------------------------------------------
    Total:                        8

m7M_tls.a: [3]
    fpinit_M.o                   34
    -------------------------------------------------
    Total:                       34

rt7M_tl.a: [4]
    ABImemclr4.o                  6
    ABImemset48.o                50
    I64DivMod_small.o           262
    I64DivZer.o                   2
    cexit.o                      10
    cmain.o                      30
    copy_init3.o                 44
    cstartup_M.o                 12
    data_init.o                  40
    zero_init3.o                 58
    -------------------------------------------------
    Total:                      514

shb_l.a: [5]
    exit.o                       20
    -------------------------------------------------
    Total:                       20

    Gaps                         14        2
    Linker created                        36    1 024
-----------------------------------------------------
    Grand Total:              6 586       54    1 252


*******************************************************************************
*** ENTRY LIST
***

Entry                       Address   Size  Type      Object
-----                       -------   ----  ----      ------
.iar.init_table$$Base    0x800'1880          --   Gb  - Linker created -
.iar.init_table$$Limit   0x800'18a4          --   Gb  - Linker created -
?main                    0x800'18a5         Code  Gb  cmain.o [4]
ADC_Init                 0x800'04eb   0xf8  Code  Lc  stm32f4xx_hal_adc.o [1]
AHBPrescTable            0x800'1798   0x10  Data  Gb  system_stm32f4xx.o [1]
BusFault_Handler         0x800'17af    0x2  Code  Gb  stm32f4xx_it.o [1]
CSTACK$$Base            0x2000'00e8          --   Gb  - Linker created -
CSTACK$$Limit           0x2000'04e8          --   Gb  - Linker created -
DebugMon_Handler         0x800'17b5    0x2  Code  Gb  stm32f4xx_it.o [1]
Get_TIM_Seconds          0x800'108d   0x1c  Code  Gb  main.o [1]
HAL_ADC_ConfigChannel    0x800'03b7  0x10e  Code  Gb  stm32f4xx_hal_adc.o [1]
HAL_ADC_GetValue         0x800'03b1    0x6  Code  Gb  stm32f4xx_hal_adc.o [1]
HAL_ADC_Init             0x800'0195   0x50  Code  Gb  stm32f4xx_hal_adc.o [1]
HAL_ADC_MspInit          0x800'0639   0x5c  Code  Gb  stm32f4xx_hal_msp.o [1]
HAL_ADC_PollForConversion
                         0x800'026f   0x9e  Code  Gb  stm32f4xx_hal_adc.o [1]
HAL_ADC_Start            0x800'01e5   0x54  Code  Gb  stm32f4xx_hal_adc.o [1]
HAL_ADC_Stop             0x800'0239   0x36  Code  Gb  stm32f4xx_hal_adc.o [1]
HAL_Delay                0x800'1161   0x28  Code  Wk  stm32f4xx_hal.o [1]
HAL_GPIO_Init            0x800'081d  0x186  Code  Gb  stm32f4xx_hal_gpio.o [1]
HAL_GPIO_TogglePin       0x800'09ab    0xe  Code  Gb  stm32f4xx_hal_gpio.o [1]
HAL_GPIO_WritePin        0x800'09a3    0x8  Code  Gb  stm32f4xx_hal_gpio.o [1]
HAL_GetTick              0x800'070d    0xc  Code  Wk  stm32f4xx_hal.o [1]
HAL_IncTick              0x800'17f9   0x10  Code  Wk  stm32f4xx_hal.o [1]
HAL_Init                 0x800'10ed   0x30  Code  Gb  stm32f4xx_hal.o [1]
HAL_InitTick             0x800'15fd   0x40  Code  Wk  stm32f4xx_hal.o [1]
HAL_MspInit              0x800'0601   0x38  Code  Gb  stm32f4xx_hal_msp.o [1]
HAL_NVIC_EnableIRQ       0x800'0787   0x16  Code  Gb  stm32f4xx_hal_cortex.o [1]
HAL_NVIC_SetPriority     0x800'074d   0x3a  Code  Gb  stm32f4xx_hal_cortex.o [1]
HAL_NVIC_SetPriorityGrouping
                         0x800'0733   0x1a  Code  Gb  stm32f4xx_hal_cortex.o [1]
HAL_RCC_ClockConfig      0x800'1481   0xfe  Code  Gb  stm32f4xx_hal_rcc.o [1]
HAL_RCC_OscConfig        0x800'1189  0x2f8  Code  Wk  stm32f4xx_hal_rcc.o [1]
HAL_SYSTICK_Config       0x800'079d   0x28  Code  Gb  stm32f4xx_hal_cortex.o [1]
HAL_TIMEx_BreakCallback
                         0x800'0da7    0x2  Code  Wk  stm32f4xx_hal_tim_ex.o [1]
HAL_TIMEx_CommutCallback
                         0x800'0dab    0x2  Code  Wk  stm32f4xx_hal_tim_ex.o [1]
HAL_TIMEx_MasterConfigSynchronization
                         0x800'1121   0x3e  Code  Gb  stm32f4xx_hal_tim_ex.o [1]
HAL_TIM_Base_Init        0x800'0a0d   0x1a  Code  Gb  stm32f4xx_hal_tim.o [1]
HAL_TIM_Base_MspInit     0x800'0695   0x56  Code  Gb  stm32f4xx_hal_msp.o [1]
HAL_TIM_Base_Start_IT    0x800'0a27   0x20  Code  Gb  stm32f4xx_hal_tim.o [1]
HAL_TIM_Base_Stop_IT     0x800'0a47   0x2a  Code  Gb  stm32f4xx_hal_tim.o [1]
HAL_TIM_ConfigClockSource
                         0x800'0bdd   0x90  Code  Gb  stm32f4xx_hal_tim.o [1]
HAL_TIM_IRQHandler       0x800'0a95  0x142  Code  Gb  stm32f4xx_hal_tim.o [1]
HardFault_Handler        0x800'17ab    0x2  Code  Gb  stm32f4xx_it.o [1]
MemManage_Handler        0x800'17ad    0x2  Code  Gb  stm32f4xx_it.o [1]
NMI_Handler              0x800'17a9    0x2  Code  Gb  stm32f4xx_it.o [1]
PendSV_Handler           0x800'17b7    0x2  Code  Gb  stm32f4xx_it.o [1]
Region$$Table$$Base      0x800'1880          --   Gb  - Linker created -
Region$$Table$$Limit     0x800'18a4          --   Gb  - Linker created -
SVC_Handler              0x800'17b3    0x2  Code  Gb  stm32f4xx_it.o [1]
SysTick_Handler          0x800'17b9    0x4  Code  Gb  stm32f4xx_it.o [1]
SystemClock_Config       0x800'0ff7   0x94  Code  Gb  main.o [1]
SystemCoreClock         0x2000'000c    0x4  Data  Gb  system_stm32f4xx.o [1]
SystemInit               0x800'1749   0x3a  Code  Gb  system_stm32f4xx.o [1]
TIM1_UP_TIM10_IRQHandler
                         0x800'17bd   0x1a  Code  Gb  stm32f4xx_it.o [1]
TIM2_IRQHandler          0x800'17d7   0x14  Code  Gb  stm32f4xx_it.o [1]
TIM_Base_SetConfig       0x800'0c97   0x7a  Code  Gb  stm32f4xx_hal_tim.o [1]
TIM_ETR_SetConfig        0x800'0d87   0x14  Code  Gb  stm32f4xx_hal_tim.o [1]
TIM_ITRx_SetConfig       0x800'0d77   0x10  Code  Lc  stm32f4xx_hal_tim.o [1]
TIM_TI1_ConfigInputStage
                         0x800'0d35   0x1e  Code  Lc  stm32f4xx_hal_tim.o [1]
TIM_TI2_ConfigInputStage
                         0x800'0d53   0x24  Code  Lc  stm32f4xx_hal_tim.o [1]
UsageFault_Handler       0x800'17b1    0x2  Code  Gb  stm32f4xx_it.o [1]
__NVIC_SetPriority       0x800'0719   0x1a  Code  Lc  stm32f4xx_hal_cortex.o [1]
__aeabi_ldiv0            0x800'1745         Code  Gb  I64DivZer.o [4]
__aeabi_memclr4          0x800'07dd         Code  Gb  ABImemclr4.o [4]
__cmain                  0x800'18a5         Code  Gb  cmain.o [4]
__exit                   0x800'18d9   0x14  Code  Gb  exit.o [5]
__iar_Memset4_word       0x800'09d9         Code  Gb  ABImemset48.o [4]
__iar_Memset8_word       0x800'09d9         Code  Gb  ABImemset48.o [4]
__iar_copy_init3         0x800'1809   0x2c  Code  Gb  copy_init3.o [4]
__iar_data_init3         0x800'1835   0x28  Code  Gb  data_init.o [4]
__iar_init_vfp           0x800'185d         Code  Gb  fpinit_M.o [3]
__iar_program_start      0x800'190d         Code  Gb  cstartup_M.o [4]
__iar_small_uldivmod     0x800'163d         Code  Gb  I64DivMod_small.o [4]
__iar_zero_init3         0x800'07e3   0x3a  Code  Gb  zero_init3.o [4]
__low_level_init         0x800'18c3    0x4  Code  Gb  low_level_init.o [2]
__vector_table           0x800'0000         Data  Gb  startup_stm32f401xe.o [1]
_call_main               0x800'18b1         Code  Gb  cmain.o [4]
_exit                    0x800'18cd         Code  Gb  cexit.o [4]
_main                    0x800'18bf         Code  Gb  cmain.o [4]
exit                     0x800'18c7    0x4  Code  Gb  exit.o [2]
hadc1                   0x2000'0010   0x48  Data  Gb  main.o [1]
htim1                   0x2000'005c   0x40  Data  Gb  main.o [1]
htim2                   0x2000'009c   0x40  Data  Gb  main.o [1]
main                     0x800'0db1  0x236  Code  Gb  main.o [1]
rawValue                0x2000'00dc    0x4  Data  Gb  main.o [1]
state                   0x2000'0058    0x1  Data  Gb  main.o [1]
uwTick                  0x2000'0004    0x4  Data  Gb  stm32f4xx_hal.o [1]
uwTickFreq              0x2000'0000    0x1  Data  Gb  stm32f4xx_hal.o [1]
uwTickPrio              0x2000'0008    0x4  Data  Gb  stm32f4xx_hal.o [1]
value                   0x2000'00e0    0x4  Data  Gb  main.o [1]


[1] = F:\università\III_anno\laboratorio_di_elettronica\micro\progetto_individuale\mirco\EWARM\mirco\Obj
[2] = dl7M_tln.a
[3] = m7M_tls.a
[4] = rt7M_tl.a
[5] = shb_l.a

  6 586 bytes of readonly  code memory
     54 bytes of readonly  data memory
  1 252 bytes of readwrite data memory

Errors: none
Warnings: none
